1
5x^5 - 10x + 20
25x^10 - 100x^6 + 200x^5 + 100x^2 - 400x + 400
100x^10 - 400x^6 + 800x^5 + 400x^2 - 1600x + 1600
