-3x^4
-x - 5423
-5408
22902880x^3 - 18619744x^2 - 5408x - 5408
