1
x + 1
1
0
x^2 + 1
1
0
x^3 - 8x^2 + 19x - 1
-24230x^8 + 193840x^7 - 460373x^6 + 24254x^5 - 57x^4 + 265401x^3 - 2123184x^2 + 5042562x - 265398
0
16602x^10 + 22787x^9 + 12969x^8 + 25605x^7 + 1
16602x^10 + 22787x^9 + 12969x^8 + 25605x^7 + 26366x^5 - 8
-16602x^10 - 22787x^9 - 12969x^8 - 25605x^7 - 26366x^5 + 8
0
2147483647
2147483647
0
0
46340x^5
2147395600x^10
2147395600x^10
2147395600x^10 - 1
0
x
x^2
x^3
x^3
x^3 + 1
-x^3 - 1
