-28224x^10 - 784x^9 + 220784x^8 + 25566x^7 - 113839x^6 - 238975x^5 - 1568x^4 + 441568x^3 - 16836x^2 - 229566x + 128658
-784x^9 + 220784x^8 + 25566x^7 - 113839x^6 - 238975x^5 - 1568x^4 + 441568x^3 - 16836x^2 - 229566x + 128658
220784x^8 + 25566x^7 - 113839x^6 - 238975x^5 - 1568x^4 + 441568x^3 - 16836x^2 - 229566x + 128658
25566x^7 - 113839x^6 - 238975x^5 - 1568x^4 + 441568x^3 - 16836x^2 - 229566x + 128658
-113839x^6 - 238975x^5 - 1568x^4 + 441568x^3 - 16836x^2 - 229566x + 128658
-1568x^4 + 441568x^3 - 16836x^2 - 229566x + 128658
-16836x^2 - 229566x + 128658
-229566x + 128658
0
0
