0
0
0
0
-x - 15
0
1
x^5 + x^4 - x^3 - x^2 + x - 1
x^9 + x^8 - x^5 - 3x^4 + 2x^3 - x + 1
