0
0
1
4x^10 + 2x^3 + 5x^2 + 2x + 2
2x^3 + 5x^2 + 2x + 2
4x^10 + 10x^9 + 4x^8 + 4x^7 + 4x^6 + 14x^5 + 18x^4 + 18x^3 + 8x^2 + 4x
-4x^10 - 10x^9 - 4x^8 - 4x^7 - 4x^6 - 14x^5 - 18x^4 - 18x^3 - 8x^2 - 4x
