-x^10 + 2x^9 + x^8 - x^7 + 3x^6 + 2x^5 + x^4 + 2x^2 + x + 4
-2x^10 + 4x^9 + 2x^8 - 2x^7 + 6x^6 + 4x^5 + 2x^4 + 4x^2 + 2x + 8
-3x^10 + 6x^9 + 3x^8 - 3x^7 + 9x^6 + 6x^5 + 3x^4 + 6x^2 + 3x + 12
-4x^10 + 8x^9 + 4x^8 - 4x^7 + 12x^6 + 8x^5 + 4x^4 + 8x^2 + 4x + 16
-5x^10 + 10x^9 + 5x^8 - 5x^7 + 15x^6 + 10x^5 + 5x^4 + 10x^2 + 5x + 20
-6x^10 + 12x^9 + 6x^8 - 6x^7 + 18x^6 + 12x^5 + 6x^4 + 12x^2 + 6x + 24
-7x^10 + 14x^9 + 7x^8 - 7x^7 + 21x^6 + 14x^5 + 7x^4 + 14x^2 + 7x + 28
-8x^10 + 16x^9 + 8x^8 - 8x^7 + 24x^6 + 16x^5 + 8x^4 + 16x^2 + 8x + 32
-9x^10 + 18x^9 + 9x^8 - 9x^7 + 27x^6 + 18x^5 + 9x^4 + 18x^2 + 9x + 36
-10x^10 + 20x^9 + 10x^8 - 10x^7 + 30x^6 + 20x^5 + 10x^4 + 20x^2 + 10x + 40
-11x^10 + 22x^9 + 11x^8 - 11x^7 + 33x^6 + 22x^5 + 11x^4 + 22x^2 + 11x + 44
-12x^10 + 24x^9 + 12x^8 - 12x^7 + 36x^6 + 24x^5 + 12x^4 + 24x^2 + 12x + 48
-13x^10 + 26x^9 + 13x^8 - 13x^7 + 39x^6 + 26x^5 + 13x^4 + 26x^2 + 13x + 52
-14x^10 + 28x^9 + 14x^8 - 14x^7 + 42x^6 + 28x^5 + 14x^4 + 28x^2 + 14x + 56
-15x^10 + 30x^9 + 15x^8 - 15x^7 + 45x^6 + 30x^5 + 15x^4 + 30x^2 + 15x + 60
0
