x^6 - 21x^5 + 175x^4 - 735x^3 + 1624x^2 - 1764x + 720
x^9 - 36x^8 + 564x^7 - 5034x^6 + 28119x^5 - 101514x^4 + 235556x^3 - 336216x^2 + 264960x - 86400
x^9 - 36x^8 + 564x^7 - 5034x^6 + 28119x^5 - 101514x^4 + 235556x^3 - 336216x^2 + 264960x - 86943
-10x^10 + 360x^9 - 5640x^8 + 50340x^7 - 281190x^6 + 1015140x^5 - 2355560x^4 + 3362160x^3 - 2649600x^2 + 869430x
