99998x^2 - x + 5
-17x^7 + 100031x^2 - x - 10
-17x^7 + 100031x^2 - x - 10
