2147483647
2147483646
2147483647
-2147483647
2147483647
2147483647x
2147483647x^2
2147483647x^5
2147483647x^10
2147483647x^10 + 2147483647
0
