x^10
x^10 + 183x^2
x^10 + 177x^3 + 183x^2
x^10 + 370x^3 + 183x^2
x^10 + 370x^3 + 369x^2
x^10 + 419x^3 + 369x^2
x^10 + 581x^3 + 369x^2
x^10 + 671x^3 + 369x^2
x^10 + 671x^3 + 532x^2
x^10 + 671x^3 + 672x^2
x^10 + 671x^3 + 844x^2
x^10 + 671x^3 + 855x^2
x^10 + 838x^3 + 855x^2
x^10 + 838x^3 + 1037x^2
x^10 + 900x^3 + 1037x^2
x^10 + 967x^3 + 1037x^2
x^10 + 967x^3 + 1166x^2
x^10 + 967x^3 + 1188x^2
x^10 + 1036x^3 + 1188x^2
