0
-477x^10 + 777388x^6 + 24x^2
-10494x^10 + 17102536x^6 + 528x^2
-20988x^10 - 3097464x^6 + 528x^2 + 2893x - 9999
0
0
