x^3 - 12345x
x^3 - 12346x
23x^3 - 283958x
23x^6 - 283958x^4 + 23x^3 - 283958x
