1200
2400
8x^6 - 25x^3 + 2400
8x^6 - 25x^3 + 2401
8x^6 - 25x^3 + 2402
