x^10 + x^9 + x^8 + x^7 + x^6 + x^5 + x^4 + x^3 + x^2 + x + 1
3x^10 + 3x^9 + 3x^8 + 3x^7 + 3x^6 + 3x^5 + 3x^4 + 3x^3 + 3x^2 + 3x + 3
3x^10 + 3x^9 + 3x^8 + 3x^7 + 3x^6 + 3x^5 + 3x^4 + 3x^3 + 3x^2 + 3x + 3
3x^9 + 3x^8 + 3x^7 + 3x^6 + 3x^5 + 3x^4 + 3x^3 + 3x^2 + 3x + 3
3x^10 + 3x^9 + 3x^8 + 3x^7 + 3x^6 + 3x^5 + 3x^4 + 3x^3 + 3x^2 + 3x
