1
-10x^3 + 2x + 1
-11x^3 + 2x - 3
-11x^10 + 2x^8 - 3x^7
