x^4 - 15x^3 - 649x^2 + 2919x + 14112
-x^9 + 15x^8 + 651x^7 - 2949x^6 - 15411x^5 + 5828x^4 + 29248x^3 + 13306x^2 - 87087x - 352800
0
0
x^4 - 30x^3 - 6709x^2 + 51114x - 2147483648
