x
2x
3x
4x
5x
0
x
2x
3x
4x
5x
0
x^2
2x^2
3x^2
4x^2
5x^2
0
1
2
3
4
5
0
-100
-200
-300
-400
-500
0