-2147483648x^4
-2147483648x^4
-x^4
x^4
8x^10 + 4x^9
-64x^10 - 32x^9
