-30046x^10 + 31166x^9 - 7061x^8 - 22417x^7 + 20050x^6 - 9167x^5 + 28149x^4 - 30353x^3 + 21615x^2 - 8131x - 17865
0
24350x^10 - 24452x^9 + 30827x^8 + 16776x^7 - 20377x^6 - 6905x^5 + 13426x^4 + 15443x^3 + 20419x^2 - 24661x + 10717
0
32404x^10 + 23195x^9 + 28735x^8 + 16890x^7 + 18395x^6 - 29063x^5 + 2430x^4 - 23967x^3 + 20719x^2 - 14998x - 13866
0
-24573x^10 + 18498x^9 + 18002x^8 - 2556x^7 - 8854x^6 + 19366x^5 - 29154x^4 + 1115x^3 - 26101x^2 - 4890x + 20399
0
12600x^10 + 28036x^9 + 5047x^8 - 12321x^7 + 10518x^6 - 17556x^5 + 12581x^4 + 5639x^3 - 28299x^2 + 13499x - 7999
0
-2541x^10 - 22125x^9 + 17054x^8 - 3201x^7 + 10916x^6 + 3058x^5 - 2511x^4 + 16485x^3 + 16696x^2 - 21505x + 14777
0
-13400x^10 + 23571x^9 - 21987x^8 + 4126x^7 + 5855x^6 + 26190x^5 - 12833x^4 + 18019x^3 + 25972x^2 - 18258x + 7702
0
-5203x^10 + 5713x^9 - 9627x^8 - 17278x^7 + 11247x^6 - 23932x^5 - 23938x^4 - 3231x^3 + 8042x^2 - 3938x + 6181
0
26568x^10 + 16629x^9 + 31869x^8 - 15189x^7 - 32713x^6 + 15715x^5 + 8206x^4 - 20091x^3 + 11204x^2 - 23631x - 4598
0
-8691x^10 + 11134x^9 - 17692x^8 + 9933x^7 + 25827x^6 - 7441x^5 - 31173x^4 + 32695x^3 + 22978x^2 + 5876x + 3809
0
-26123x^10 + 3005x^9 - 16882x^8 - 9085x^7 + 1132x^6 + 6286x^5 - 25394x^4 + 21554x^3 + 13872x^2 + 21024x + 27654
0
15610x^10 + 4074x^9 + 12643x^8 - 4867x^7 - 7796x^6 - 11422x^5 + 32026x^4 - 16874x^3 + 4968x^2 - 24701x + 12051
0
8260x^10 + 13009x^9 - 7014x^8 - 5342x^7 - 10243x^6 - 27054x^5 + 25647x^4 + 12270x^3 - 32595x^2 - 8676x - 17069
0
6597x^10 - 2231x^9 - 6005x^8 - 30450x^7 + 17527x^6 + 30707x^5 + 3218x^4 - 6032x^3 + 16720x^2 - 21672x - 22655
0
3067x^10 - 6586x^9 + 8883x^8 + 26907x^7 + 11031x^6 + 24959x^5 + 23521x^4 - 24009x^3 + 8511x^2 + 25234x - 22868
0
-29345x^10 - 20266x^9 - 31736x^8 + 22288x^7 - 31270x^6 - 5389x^5 + 19569x^4 + 28872x^3 - 8582x^2 + 12432x + 23028
0
18377x^10 - 9061x^9 - 30304x^8 - 7937x^7 + 28498x^6 + 32129x^5 - 21382x^4 - 16902x^3 - 23159x^2 + 21638x - 25269
0
8930x^10 + 5337x^9 + 7696x^8 + 18080x^7 - 17213x^6 + 14534x^5 + 24089x^4 + 28716x^3 + 11354x^2 - 17658x + 1078
0
2842x^10 + 6933x^9 + 6366x^8 - 18225x^7 + 17067x^6 - 23765x^5 - 10334x^4 - 6824x^3 + 26247x^2 + 29765x + 6889
0
-22010x^10 + 11302x^9 + 10201x^8 + 16593x^7 - 22622x^6 - 11029x^5 + 2761x^4 + 29879x^3 + 22529x^2 - 8286x - 22799
0
30381x^10 + 17432x^9 + 8600x^8 - 25253x^7 + 16780x^6 + 26133x^5 + 16227x^4 - 13595x^3 - 29641x^2 - 22655x - 16319
0
-14202x^10 - 19051x^9 - 21100x^8 + 24627x^7 - 9619x^6 - 25165x^5 - 4904x^4 - 5956x^3 + 16299x^2 + 32041x - 8286
0
15990x^10 + 18296x^9 - 15757x^8 - 32604x^7 + 29344x^6 - 16244x^5 - 20685x^4 + 15944x^3 + 806x^2 + 9876x - 14640
0
-8995x^10 + 8084x^9 + 23958x^8 - 24884x^7 + 21550x^6 - 754x^5 - 9671x^4 + 19020x^3 - 28961x^2 - 13284x - 1887
0
31506x^10 + 12355x^9 - 23187x^8 + 24749x^7 + 9319x^6 - 9125x^5 + 8314x^4 - 5265x^3 + 29644x^2 + 554x + 16622
0
-28786x^10 - 28410x^9 - 16293x^8 - 13432x^7 - 11609x^6 - 16931x^5 + 21238x^4 - 29393x^3 - 24674x^2 - 284x + 4747
0
-2028x^10 - 545x^9 + 14195x^8 - 9239x^7 + 15308x^6 + 2401x^5 - 26488x^4 - 13963x^3 - 13356x^2 + 22417x + 22351
0
-11082x^10 + 32685x^9 - 20470x^8 - 14419x^7 - 10505x^6 - 8878x^5 + 664x^4 + 29589x^3 - 22236x^2 - 14660x - 10420
0
31934x^10 + 838x^9 - 17533x^8 - 26759x^7 + 23623x^6 + 12416x^5 - 29754x^4 + 3688x^3 - 23239x^2 - 3593x + 9523
0
-27560x^10 - 11935x^9 + 30516x^8 + 3246x^7 + 11579x^6 + 18750x^5 + 2282x^4 + 20496x^3 + 13365x^2 + 6376x - 26195
0
23581x^10 + 25107x^9 + 4939x^8 - 21866x^7 + 27992x^6 + 18172x^5 - 27206x^4 + 16755x^3 + 5260x^2 + 24112x + 23956
0
-6283x^10 - 15180x^9 + 12890x^8 + 27415x^7 - 27553x^6 - 16973x^5 + 2385x^4 - 21184x^3 - 4284x^2 + 19943x - 18970
0
-20009x^10 - 16343x^9 - 22976x^8 + 18436x^7 - 20055x^6 + 18783x^5 + 24413x^4 + 9232x^3 + 13271x^2 - 2581x + 5849
0
18035x^10 + 8134x^9 - 507x^8 - 3279x^7 - 45x^6 + 7351x^5 + 29347x^4 + 4808x^3 - 22008x^2 + 11921x - 14415
0
-32160x^10 + 11663x^9 - 5010x^8 - 14563x^7 + 22772x^6 + 21867x^5 - 11115x^4 - 19990x^3 - 2640x^2 - 22469x - 15149
0
8221x^10 - 30555x^9 + 17761x^8 + 793x^7 + 273x^6 + 15915x^5 + 5782x^4 + 24316x^3 + 16381x^2 - 26077x - 22649
0
-16087x^10 - 7325x^9 - 26328x^8 + 26730x^7 - 29658x^6 - 11000x^5 - 27072x^4 + 22657x^3 - 26943x^2 + 17493x + 26718
0
-28782x^10 + 13101x^9 - 4479x^8 - 2576x^7 + 10550x^6 + 25288x^5 - 15923x^4 - 2250x^3 + 606x^2 + 14351x - 353
0
23416x^10 - 31941x^9 + 27511x^8 - 24773x^7 + 14925x^6 + 24153x^5 - 13665x^4 - 23761x^3 + 30475x^2 + 15536x - 13084
0
1709x^10 - 12911x^9 - 24012x^8 + 23755x^7 - 14395x^6 - 24484x^5 - 14205x^4 + 22431x^3 + 3578x^2 - 31111x - 20861
0
-744x^10 - 2556x^9 - 8805x^8 - 11463x^7 - 29378x^6 + 6354x^5 + 26484x^4 + 12171x^3 + 19969x^2 - 4785x - 3717
0
23157x^10 - 21546x^9 + 30071x^8 + 31142x^7 + 8048x^6 + 4118x^5 + 15533x^4 + 9657x^3 - 16638x^2 - 29075x - 17976
0
18119x^10 - 30662x^9 + 6418x^8 + 5759x^7 - 1471x^6 + 32480x^5 + 24086x^4 + 21179x^3 - 24468x^2 + 12374x - 26728
0
6920x^10 - 21169x^9 + 2467x^8 - 10200x^7 - 10610x^6 - 24565x^5 - 21428x^4 + 22921x^3 + 12489x^2 - 15735x + 12984
0
1005x^10 - 1330x^9 - 13953x^8 - 9608x^7 - 12162x^6 + 16731x^5 - 25364x^4 - 4714x^3 - 12466x^2 - 2056x + 11176
0
-17902x^10 - 15665x^9 + 6533x^8 - 31689x^7 - 2639x^6 + 14640x^5 - 27874x^4 + 11020x^3 + 19864x^2 - 27658x - 28433
0
-29635x^10 + 25533x^9 + 21203x^8 - 15455x^7 + 4678x^6 + 19907x^5 + 32102x^4 - 29788x^3 + 32496x^2 + 16466x + 7575
0
-2815x^10 - 16895x^9 + 14232x^8 - 7623x^7 - 16475x^6 - 18786x^5 + 10721x^4 + 31432x^3 - 27172x^2 - 2199x + 2821
0
12028x^10 + 3234x^9 + 20307x^8 + 27977x^7 - 27679x^6 + 21303x^5 - 7513x^4 - 28060x^3 - 2954x^2 - 27263x - 16466
0
14412x^10 - 17556x^9 + 3907x^8 + 18174x^7 + 29217x^6 + 11350x^5 + 25191x^4 - 80x^3 - 17817x^2 - 13282x + 19392
0
31209x^10 - 29533x^9 - 15421x^8 - 14983x^7 + 21178x^6 - 13535x^5 + 31434x^4 - 31646x^3 + 30863x^2 + 1772x - 23388
0
-13959x^10 + 31827x^9 + 1195x^8 + 21222x^7 - 5136x^6 + 6808x^5 - 16969x^4 + 20603x^3 + 9355x^2 - 19592x - 21039
0
-5125x^10 + 18799x^9 + 739x^8 + 17133x^7 + 18573x^6 - 22490x^5 - 30186x^4 - 7158x^3 - 9658x^2 + 32539x - 21772
0
-22225x^10 - 9612x^9 - 26753x^8 + 30608x^7 - 10453x^6 + 22398x^5 + 19673x^4 - 16305x^3 + 24027x^2 + 5132x - 2030
0
-18288x^10 + 3741x^9 - 21972x^8 - 11039x^7 - 4667x^6 + 20963x^5 - 9810x^4 - 32003x^3 - 7611x^2 - 25801x + 29324
0
25887x^10 + 13410x^9 - 5134x^8 - 17766x^7 + 29062x^6 + 20564x^5 + 15284x^4 + 763x^3 + 4775x^2 + 17485x - 27346
0
-27238x^10 - 16972x^9 + 9776x^8 + 13553x^7 - 14391x^6 + 10072x^5 - 20856x^4 - 29429x^3 + 14850x^2 - 32401x + 12663
0
-11923x^10 + 2424x^9 - 26060x^8 - 1887x^7 + 28416x^6 - 16019x^5 - 9060x^4 + 15035x^3 - 9393x^2 + 14657x - 5026
0
-15360x^10 - 1442x^9 - 23636x^8 - 14795x^7 + 26601x^6 + 21055x^5 + 4304x^4 + 4119x^3 - 31308x^2 + 17892x + 3415
0
374x^10 - 29320x^9 - 5450x^8 + 3778x^7 + 15408x^6 - 14660x^5 - 5775x^4 - 21560x^3 + 29936x^2 - 15655x - 29312
0
20157x^10 - 11153x^9 - 25471x^8 + 29181x^7 - 16607x^6 + 2426x^5 + 20746x^4 + 1105x^3 + 30337x^2 - 18268x + 29850
0
11457x^10 - 21859x^9 - 15665x^8 - 29149x^7 + 6428x^6 + 1535x^5 + 14465x^4 + 31581x^3 - 5154x^2 + 14728x + 17413
0
-24227x^10 - 25340x^9 - 2851x^8 - 27231x^7 + 21976x^6 + 32345x^5 + 22357x^4 - 28456x^3 - 7328x^2 + 9660x + 17331
0
-16205x^10 + 20963x^9 - 23714x^8 - 23396x^7 + 2276x^6 - 14381x^5 - 25170x^4 - 15456x^3 + 27025x^2 + 7618x + 17447
0
-19965x^10 + 10386x^9 - 9717x^8 + 4795x^7 + 5800x^6 - 22549x^5 - 28308x^4 + 26839x^3 - 27086x^2 - 8464x - 8828
0
-19238x^10 + 32716x^9 + 32067x^8 - 18516x^7 + 14611x^6 + 21868x^5 + 14847x^4 + 1326x^3 + 30835x^2 - 17399x + 12385
0
-25339x^10 + 20757x^9 - 30215x^8 - 15056x^7 + 18242x^6 + 26630x^5 + 5600x^4 + 564x^3 - 19658x^2 - 18126x + 26395
0
20377x^10 - 16318x^9 - 12727x^8 - 3209x^7 - 5884x^6 - 22605x^5 + 28964x^4 - 197x^3 - 27274x^2 - 3985x - 20658
0
-4548x^10 + 4651x^9 - 11880x^8 + 28908x^7 - 26992x^6 - 13975x^5 - 21198x^4 - 10359x^3 + 12616x^2 + 9453x + 31477
0
13549x^10 - 29345x^9 - 20570x^8 - 14957x^7 + 4091x^6 + 5830x^5 - 24900x^4 - 23282x^3 - 28395x^2 - 31929x - 3947
0
29109x^10 - 18150x^9 + 28187x^8 - 21613x^7 + 25086x^6 + 28727x^5 + 30036x^4 + 2339x^3 + 9992x^2 - 20805x + 31096
0
1772x^10 - 24879x^9 + 14444x^8 + 10340x^7 - 3008x^6 + 22531x^5 + 30140x^4 - 26880x^3 + 24087x^2 + 28278x + 12781
0
-16874x^10 + 5791x^9 + 25969x^8 + 24503x^7 + 30563x^6 - 13026x^5 + 30787x^4 + 5020x^3 - 31913x^2 + 8119x - 11712
0
-26534x^10 + 15755x^9 - 9244x^8 - 22253x^7 - 19490x^6 + 21892x^5 - 22484x^4 - 3167x^3 + 210x^2 + 18768x + 6338
0
-26685x^10 - 28651x^9 - 9726x^8 - 16463x^7 - 24368x^6 + 6130x^5 - 2219x^4 - 22837x^3 + 19834x^2 - 19695x - 863
0
-6677x^10 + 771x^9 + 6156x^8 + 31874x^7 + 5123x^6 + 3500x^5 + 12170x^4 - 30289x^3 - 23889x^2 + 25253x - 7086
0
-28509x^10 + 18082x^9 - 16069x^8 - 22851x^7 + 14540x^6 + 25436x^5 + 28584x^4 + 8635x^3 - 15073x^2 - 196x - 16341
0
5257x^10 - 7281x^9 - 31041x^8 - 2241x^7 + 22348x^6 + 16935x^5 + 5137x^4 + 20507x^3 - 7866x^2 - 4379x - 11958
0
-947x^10 + 855x^9 + 2381x^8 - 21262x^7 + 24385x^6 + 20612x^5 + 28008x^4 - 25021x^3 - 9489x^2 + 10867x + 15741
0
21765x^10 - 14297x^9 - 17577x^8 + 5741x^7 - 20492x^6 - 19151x^5 - 2326x^4 + 16714x^3 - 5394x^2 - 18634x + 3889
0
7211x^10 + 25524x^9 - 16836x^8 - 30088x^7 - 14637x^6 - 22086x^5 - 22894x^4 - 10542x^3 - 1057x^2 - 10837x - 13813
0
17913x^10 + 5686x^9 - 24466x^8 - 5180x^7 - 14651x^6 + 7682x^5 - 12868x^4 - 28169x^3 - 2x^2 + 13849x + 21581
0
11036x^10 + 32395x^9 - 31572x^8 - 17333x^7 + 27921x^6 + 16116x^5 + 25426x^4 + 27663x^3 - 20932x^2 - 20417x + 16718
0
28660x^10 + 2189x^9 + 3783x^8 + 30355x^7 - 11703x^6 + 8572x^5 + 19623x^4 + 25003x^3 + 25885x^2 + 19560x - 29890
0
13535x^10 + 944x^9 + 2898x^8 - 15970x^7 + 29074x^6 + 26188x^5 + 26777x^4 - 1090x^3 - 5429x^2 - 14121x - 22661
0
-3403x^10 + 14277x^9 - 25139x^8 + 6303x^7 + 21103x^6 - 4923x^5 + 3548x^4 - 32197x^3 - 10903x^2 - 18927x + 13186
0
19676x^10 + 30404x^9 - 28927x^8 + 8694x^7 - 9323x^6 - 9914x^5 + 20318x^4 - 19126x^3 + 26121x^2 - 23497x - 13588
0
-26308x^10 - 23255x^9 - 23865x^8 - 8552x^7 + 5339x^6 + 12273x^5 - 21288x^4 + 1167x^3 + 8574x^2 - 22660x - 32673
0
3857x^10 - 23971x^9 - 23781x^8 + 13542x^7 + 14370x^6 + 18525x^5 - 722x^4 + 30605x^3 - 28694x^2 - 2383x + 9375
0
-15559x^10 + 12110x^9 - 26657x^8 + 23001x^7 + 29487x^6 + 15633x^5 + 7925x^4 - 15725x^3 + 9979x^2 - 17191x + 14288
0
