2x^4 + 1
8x^9 - 12x^8 - 2x^6 + 4x^5 - 2x^4 - x^2 + 2
-8x^10 + 132x^9 - 180x^8 + 2x^7 - 34x^6 + 62x^5 - 30x^4 + x^3 - 15x^2 - 2x + 30
-8x^10 + 132x^9 - 180x^8 + 10x^7 - 34x^6 + 70x^5 - 30x^4 + 3x^3 - 15x^2 - 2x + 30
-8x^10 + 132x^9 - 180x^8 + 10x^7 - 34x^6 + 70x^5 - 30x^4 + 3x^3 - 271x^2 + 31
