1
x^4 + 4x^3 + 12x^2 + 2x + 1
x^4 + 4x^3 + 12x^2 + x + 1
x^10 + 4x^9 + 12x^8 + 5x^7 + 29x^6 + 98x^5 + 157x^4 + 44x^3 + 26x^2 + 3x + 1
-x^10 - 4x^9 - 12x^8 - 5x^7 - 29x^6 - 98x^5 - 157x^4 - 44x^3 - 26x^2 - 3x - 1
-5x^7 + 11x^6 + x^5 + x^4 - x - 1
-5x^7 + 11x^6 + x^5 + x^4 + 24x^3 + 2x^2 - x + 21
-25x^10 - 65x^9 + 259x^8 + 41x^7 + 168x^6 + 590x^5 + 93x^4 + 133x^3 + 506x^2 + 40x + 42
