-12x^5 - 13x^4 - 1
12x^7 + 13x^6 + x^2
12x^8 + 13x^7 + x^3
0
1
