-2147483647x^3 - 3x^2 - 11
-2147483648x^3 - 3x^2 - 11
-2147483648x^5 - 3x^4 - 11x^2
-2147483647x^5 - 3x^4 - 11x^2
2147483647x^5 + 3x^4 + 11x^2
