1
2x^6 + 2x^3 + 2x^2 + 2x + 2
2x^6 + 2x^3 + 2x^2 + 2
4x^10 + 4x^9 + 4x^8 + 8x^7 + 8x^6 + 8x^5 + 12x^4 + 8x^3 + 4x^2 + 4x
-8x^10 - 8x^9 - 8x^8 - 16x^7 - 16x^6 - 16x^5 - 24x^4 - 16x^3 - 8x^2 - 8x
