8x^2 - 25x + 28
192x^4 - 624x^3 + 603x^2 + 366x - 504
192x^4 - 624x^3 + 590x^2 + 372x - 479
192x^4 - 624x^3 + 598x^2 + 341x - 461
192x^4 - 624x^3 + 619x^2 + 323x - 481
0
12x^2 - 23x - 32
31x^2 + 6x - 56
-186x^4 - 749x^3 + 601x^2 + 1366x - 728
-2976x^6 - 6590x^5 + 35801x^4 + 22403x^3 - 65686x^2 - 11672x + 17472
-8928x^8 + 81414x^7 + 393959x^6 - 1011635x^5 - 1710581x^4 + 1727845x^3 + 1828670x^2 - 348936x - 366912
0
11x^2 + 13x + 34
308x^4 + 309x^3 + 1140x^2 + 129x + 782
308x^4 + 309x^3 + 1170x^2 + 144x + 779
308x^4 + 309x^3 + 1190x^2 + 136x + 768
2156x^6 - 3689x^5 + 9543x^4 - 14551x^3 + 30162x^2 - 11464x + 17664
0
22x^2 + 35x + 16
-704x^4 - 1164x^3 - 736x^2 - 277x - 112
-704x^4 - 1164x^3 - 716x^2 - 264x - 107
-3520x^6 - 22716x^5 - 42076x^4 - 35964x^3 - 17611x^2 - 6528x - 1605
-35200x^8 - 329240x^7 - 970404x^6 - 875648x^5 + 85290x^4 + 538885x^3 + 340579x^2 + 155823x + 49755
0
-12x^2 + 33x + 24
300x^4 - 993x^3 + 270x^2 - 786x - 816
300x^4 - 993x^3 + 300x^2 - 753x - 839
300x^4 - 993x^3 + 318x^2 - 765x - 830
-3000x^6 + 2430x^5 + 28545x^4 - 23139x^3 + 34739x^2 + 3155x - 19090
0
-35x^2 - 17x + 5
980x^4 - 154x^3 - 691x^2 - 29x + 35
980x^4 - 154x^3 - 664x^2 - 47x + 13
980x^4 - 154x^3 - 654x^2 - 51x + 41
980x^4 - 154x^3 - 658x^2 - 39x + 46
0
26x^2 - 26x + 11
11x^2 - 29x - 6
34x^2 + 5x + 9
-13x + 2
-208x^3 + 292x^2 - 235x + 30
0
25x^2 - 27x + 21
-6x^2 - 44x + 46
-48x^4 - 412x^3 + 108x^2 + 1780x - 1380
336x^6 + 3892x^5 + 8952x^4 - 5664x^3 - 30096x^2 - 10180x + 30360
336x^6 + 3892x^5 + 8952x^4 - 5664x^3 - 30123x^2 - 10157x + 30334
0
-26x^2 + 6x + 4
676x^4 - 312x^3 - 640x^2 + 156x + 88
11492x^6 + 10920x^5 - 33240x^4 - 5844x^3 + 19320x^2 - 1320x - 1936
-45968x^8 - 9204x^7 + 108260x^6 - 130944x^5 + 71388x^4 + 92460x^3 - 92816x^2 + 792x + 9680
-413712x^10 + 790556x^9 - 183856x^8 - 3502352x^7 + 6269968x^6 - 4321608x^5 - 521832x^4 + 4451972x^3 - 2619592x^2 - 160952x + 280720
0
-12x^2 - 11x + 30
3x^2 - 35x + 41
-32x^2 - 21x + 16
-8x^2 - 50x + 1
2x^2 - 84x + 11
0
12x^2 - 13x - 15
348x^4 - 617x^3 - 139x^2 + 261x - 45
348x^4 - 617x^3 - 121x^2 + 241x - 80
348x^4 - 617x^3 - 107x^2 + 225x - 83
348x^4 - 617x^3 - 120x^2 + 221x - 98
0
-22x^2 - 13x - 14
-66x^4 + 291x^3 + 373x^2 + 340x + 140
-660x^6 + 798x^5 + 11854x^4 + 20574x^3 + 18994x^2 + 10600x + 2520
-9240x^8 - 48x^7 + 182162x^6 + 486362x^5 + 568258x^4 + 389002x^3 + 139504x^2 + 440x - 10080
-101640x^10 + 101112x^9 + 1893430x^8 + 3345624x^7 + 3086800x^6 + 3864528x^5 + 4074618x^4 + 3138320x^3 + 1558328x^2 + 116160x - 120960
0
5x^2 - 27x - 23
-17x^2 + 6x + 11
-6x^2 - 16x + 20
-16x^2 + 6x + 40
80x^4 + 434x^3 - 454x^2 - 1130x + 200
0
-5x^2 - 12x - 35
-16x^2 + 8x - 68
144x^4 + 408x^3 + 180x^2 + 2136x - 816
144x^4 + 408x^3 + 185x^2 + 2168x - 828
144x^4 + 408x^3 + 193x^2 + 2182x - 860
0
-19x^2 + 10x + 21
-23x^2 + 21x + 30
-276x^4 + 436x^3 + 928x^2 - 912x - 960
-276x^4 + 436x^3 + 919x^2 - 927x - 950
-276x^4 + 436x^3 + 934x^2 - 900x - 977
0
30x^2 + 34x - 14
-930x^4 - 1894x^3 - 1118x^2 - 288x + 280
8370x^6 + 10536x^5 - 16216x^4 - 31750x^3 - 20188x^2 - 2072x + 3920
58590x^8 + 224412x^7 - 108004x^6 - 745930x^5 - 356064x^4 + 320612x^3 + 434280x^2 + 116144x - 86240
-1699110x^10 - 5336148x^9 + 6624326x^8 + 15656886x^7 - 2756676x^6 - 3738218x^5 - 128792x^4 - 132980x^3 - 2558920x^2 - 3699248x + 1466080
0
14x^2 + 20x - 6
29x^2 + 3x - 12
725x^4 - 940x^3 + 378x^2 + 501x - 324
725x^4 - 940x^3 + 347x^2 + 472x - 332
6525x^6 + 3865x^5 + 8893x^4 - 18053x^3 + 15446x^2 + 8516x - 9960
0
-18x^2 - 33x + 23
-630x^4 - 579x^3 + 1717x^2 - 1000x + 184
-630x^4 - 579x^3 + 1705x^2 - 1017x + 175
-10080x^6 - 22494x^5 + 25831x^4 + 29376x^3 - 47542x^2 + 20964x - 2975
100800x^8 + 13260x^7 - 398044x^6 + 990993x^5 + 239893x^4 - 2177430x^3 + 2038880x^2 - 754287x + 98175
0
30x^2 + 26x - 30
-930x^4 - 1496x^3 + 2x^2 + 404x + 330
-930x^4 - 1496x^3 + 11x^2 + 389x + 324
-930x^4 - 1496x^3 + 10x^2 + 407x + 326
-930x^4 - 1496x^3 + 23x^2 + 418x + 305
0
-32x^2 + 4x + 10
-29x^2 + 25x + 2
841x^4 - 203x^3 - 450x^2 - 86x - 4
841x^4 - 203x^3 - 421x^2 - 82x + 12
841x^4 - 203x^3 - 410x^2 - 109x + 37
0
18x^2 + 19x + 17
-12x^2 - 11x - 18
8x^2 - 20x - 36
-19x^2 - 31x - 21
-37x^2 - 49x - 47
0
-14x^2 - 27x + 22
322x^4 + 425x^3 - 1094x^2 - 97x + 330
-8372x^6 - 12338x^5 + 32862x^4 + 14973x^3 - 28978x^2 - 3163x + 6270
276276x^8 + 658314x^7 - 463146x^6 - 1109829x^5 - 478776x^4 + 524529x^3 + 757320x^2 - 93210x - 188100
3591588x^10 + 2203734x^9 - 26687640x^8 - 16941699x^7 + 28564899x^6 + 40027305x^5 + 7356513x^4 - 29120670x^3 - 15447870x^2 + 6190500x + 3762000
0
-29x^2 + 24x - 29
116x^4 - 705x^3 - 76x^2 - 33x - 696
3828x^6 - 25237x^5 + 8665x^4 + 5138x^3 - 21875x^2 + 12063x + 4872
3828x^6 - 25237x^5 + 8665x^4 + 5138x^3 - 21896x^2 + 12049x + 4864
3828x^6 - 25237x^5 + 8665x^4 + 5138x^3 - 21875x^2 + 12082x + 4849
0
-6x^2 + 16x + 14
84x^4 - 20x^3 - 818x^2 - 268x + 182
84x^4 - 20x^3 - 788x^2 - 242x + 214
420x^6 + 2000x^5 - 4020x^4 - 21010x^3 - 8920x^2 + 4140x + 1070
8400x^8 + 38740x^7 - 96060x^6 - 454140x^5 - 22910x^4 + 592790x^3 + 214140x^2 - 98430x - 24610
0
22x^2 - 2x + 16
-352x^4 + 318x^3 - 480x^2 + 226x - 144
9152x^6 - 11084x^5 + 16784x^4 - 11306x^3 + 7952x^2 - 2282x + 720
109824x^8 + 141552x^7 - 2984x^6 + 212672x^5 - 8780x^4 + 52892x^3 + 51508x^2 - 10348x + 10080
109824x^8 + 141552x^7 - 2984x^6 + 212672x^5 - 8780x^4 + 52892x^3 + 51532x^2 - 10313x + 10068
0
-18x^2 - 20x - 19
-594x^4 - 1218x^3 - 617x^2 + 111x + 665
-594x^4 - 1218x^3 - 608x^2 + 82x + 686
-594x^4 - 1218x^3 - 580x^2 + 86x + 698
-16038x^6 - 25758x^5 - 5796x^4 - 462x^3 + 13174x^2 - 7688x + 5584
0
15x^2 + 29x - 23
7x^2 + 11x + 2
41x^2 - 22x - 1
65x^2 - 27x + 6
1235x^4 - 2528x^3 - 804x^2 + 543x - 162
0
7x^2 + 27x - 9
238x^4 + 750x^3 - 1003x^2 + 27x + 63
238x^4 + 750x^3 - 1016x^2 + 8x + 41
238x^4 + 750x^3 - 1018x^2 + 41x + 71
6426x^6 + 19774x^5 - 33746x^4 - 11857x^3 + 22195x^2 - 962x - 1420
0
6x^2 + 12x + 6
-6x^2 - 5x - 8
162x^4 - 57x^3 + 254x^2 - 91x + 264
162x^4 - 57x^3 + 256x^2 - 119x + 274
162x^4 - 57x^3 + 280x^2 - 106x + 266
0
-29x^2 - 7x + 19
-17x^2 - 11x + 6
-272x^4 - 652x^3 + 264x^2 + 476x - 168
-8160x^6 - 22008x^5 + 6132x^4 + 26436x^3 - 4716x^2 - 8652x + 2520
-8160x^6 - 22008x^5 + 6132x^4 + 26436x^3 - 4747x^2 - 8687x + 2500
0
8x^2 + 25x - 31
25x^2 + 16x - 50
50x^2 + 35x - 23
1450x^4 + 1165x^3 - 212x^2 + 176x - 161
1450x^4 + 1165x^3 - 180x^2 + 196x - 196
0
11x^2 - 21x + 10
-165x^4 + 139x^3 - 166x^2 + 512x - 320
-4620x^6 + 2242x^5 - 4248x^4 + 13510x^3 - 4836x^2 - 128x - 1920
-161700x^8 - 27790x^7 - 124834x^6 + 388598x^5 + 115982x^4 - 34648x^3 - 99160x^2 - 44928x - 11520
2425500x^10 + 3974250x^9 - 1720310x^8 - 3805162x^7 - 13534570x^6 + 8071664x^5 + 5265188x^4 + 1954592x^3 - 1416944x^2 - 914688x - 299520
0
