2147483647x^3 - 3x^2 - 11
2147483647x^5 + 2147483644x^4 + 2147483644x^3 - 14x^2 - 11x - 11
