0
0
-8x^9 + 7x^8 + 3x^4 + 5
-8x^10 + 7x^9 + 3x^5 + 5x
