1
2x^2 - 2x + 2
4x^4 - 8x^3 + 12x^2 - 8x + 4
8x^6 - 24x^5 + 32x^4 - 24x^3 + 8x - 8
16x^8 - 64x^7 + 96x^6 - 64x^5 - 16x^4 + 64x^3 - 32x^2 + 16
32x^10 - 160x^9 + 288x^8 - 192x^7 - 96x^6 + 288x^5 - 160x^4 - 64x^3 + 96x^2 - 32x - 32
