-1
-2147483647x^10 - 2147483647x^9 - 1
-2147483648x^10 - 2147483647x^9 + x^4 + 657657x^2
