x^4 + 104x^3 + 29x^2 - 624x - 18819
x^6 + 496x^5 + 40735x^4 + 4296x^3 - 265225x^2 - 7338360x + 1166778
0
1
-x
-x^2
-2x^3
-4x^5 - 2x^3
8x^7 + 8x^5 + 2x^3
