1
-2x^2 - 2x - 2
4x^4 + 8x^3 + 12x^2 + 8x + 4
-8x^6 - 24x^5 - 48x^4 - 56x^3 - 48x^2 - 24x - 8
16x^8 + 64x^7 + 160x^6 + 256x^5 + 304x^4 + 256x^3 + 160x^2 + 64x + 16
-32x^10 - 160x^9 - 480x^8 - 960x^7 - 1440x^6 - 1632x^5 - 1440x^4 - 960x^3 - 480x^2 - 160x - 32
