0
0
1
1237489
1237488
-1237488
x - 1237488
2x - 2474976
-2x + 2474976
-x + 2474976
2474976
