x^3 - 6x^2 + 11x - 6
x^5 - 17x^4 + 108x^3 - 313x^2 + 407x - 186
x^7 - 28x^6 + 325x^5 - 2011x^4 + 7090x^3 - 14053x^2 + 14256x - 5580
x^10 - 133x^9 + 6168x^8 - 125211x^7 + 1379868x^6 - 9128511x^5 + 37739792x^4 - 97536509x^3 + 151457991x^2 - 127267236x + 43473780
-x^10 + 133x^9 - 6168x^8 + 125211x^7 - 1379868x^6 + 9128511x^5 - 37739792x^4 + 97536509x^3 - 151457991x^2 + 127267236x - 43473780
