x^5 - 2x^4 + 3232323x^2 - 2132x + 31233
x^10 - 2x^9 - 32x^8 + 3232387x^7 - 2132x^6 - 103403103x^5 + 68224x^4 - 999456x^3
