x^10 + x^9 + 120x^8 - 10x^7 - 58x^6 + 12x^5 - 2x^4 + 78x^3 - 2x^2 + 5x - 3
x^10 + x^9 + 120x^8 - 10x^7 - 58x^6 + 12x^5 - 2x^4 + 78x^3 - 2x^2 + 5x - 3
x^10 + x^9 + 120x^8 - 10x^7 + 62x^6 + 12x^5 - 2x^4 + 78x^3 - 2x^2 + 5x - 3
0
