-x^10 - x^9 - x^8 - x^7 - x^6 - x^5 - x^4 - x^3 - x^2 - x - 1
-2x^8 - 2x^7 - 2x^6 - 2x^5 - 2x^4 - 2x^3 - 2x^2 - 2x - 2
-2x^10 + 20x^9 - 40x^8 - 40x^7 - 40x^6 - 40x^5 - 40x^4 - 40x^3 - 40x^2 - 38x - 60
70x^10 - 700x^9 + 1400x^8 + 1400x^7 + 1400x^6 + 1400x^5 + 1400x^4 + 1400x^3 + 1400x^2 + 1330x + 2100
