-x^5 - 2
236x^10 - 392x^8 + 219x^6 + 349x^5 - 784x^3 + 438x - 246
-392x^8 + 219x^6 + 349x^5 - 784x^3 + 438x - 246
-28224x^10 - 784x^9 + 220784x^8 + 25566x^7 - 113839x^6 - 238975x^5 - 1568x^4 + 441568x^3 - 16836x^2 - 229566x + 128658
-28224x^10 - 784x^9 + 220784x^8 + 25566x^7 - 113839x^6 - 238975x^5 - 1568x^4 + 441568x^3 - 16836x^2 - 229566x + 128658
