5x^6 - 4x^4 + 2x^3 + 3x^2 - x - 9
-5x^6 + 4x^4 - 2x^3 - 3x^2 + x + 9
5x^6 - 4x^4 + 2x^3 + 3x^2 - x - 9
