-2147483648x^3 - 3x^2 - 11
-2147483648x^5 - 3x^4 - 2147483648x^3 - 14x^2 - 11
