-2147483648x^2 - 2147483648x + 2147483647
0
-x^2
-x^2 - x
-2x^3 - x^2 - x
-2x^3 - x^2 - 3x
-2x^3 - x^2 - 3x - 1
-2x^3 - x^2 - 3x + 1
