0
0
0
x
x^6 - x^2 + 101x - 1
x^10 + 11x^6 + 101x^5 - x^4 - 12x^2 + 1212x - 12
