185x + 8526
30x^2 + 185x + 8526
30x^3 + 185x^2 + 8526x
