0
2x^4 - 6x^3 + x + 1
2x^7 - 2x^6 - 12x^5 + x^4 + 3x^3 + 2x^2
