-2147483647x^3 - 3x^2 - 11
2147483647x^6 + 3x^5 + 11x^3
