10000x^2 - 2x + 5
-120000x^9 + 24x^8 - 60x^7 + 30000x^3 - 11160006x^2 + 2247x - 5580
