21401x^10 + 5805x^9 - 5877x^8 - 13139x^7 + 5905x^6 - 17826x^5 + 22917x^4 + 6003x^3 - 12821x^2 + 9406x - 4814
0
-18580x^10 + 16327x^9 + 9116x^8 + 17123x^7 + 5704x^6 - 23073x^5 - 22032x^4 + 19785x^3 - 3635x^2 + 18829x + 19803
0
-10932x^10 + 18085x^9 - 2688x^8 - 7454x^7 + 25087x^6 + 25643x^5 - 23561x^4 - 15899x^3 - 11748x^2 + 28221x + 28040
0
6668x^10 - 19136x^9 + 5982x^8 + 10148x^7 - 23237x^6 + 5840x^5 - 3258x^4 - 13166x^3 + 27607x^2 - 3986x + 15033
0
-24272x^10 + 28676x^9 - 15092x^8 + 32489x^7 - 11277x^6 - 19282x^5 + 23345x^4 - 24924x^3 - 21594x^2 + 1605x + 17333
0
6105x^10 - 8018x^9 + 1414x^8 - 29365x^7 + 12974x^6 - 22953x^5 + 32446x^4 - 15124x^3 + 17380x^2 + 30596x - 5413
0
-31010x^10 + 5889x^9 - 12637x^8 - 21155x^7 - 29539x^6 - 16639x^5 - 30073x^4 - 5975x^3 - 5515x^2 + 5487x + 24
0
-6733x^10 + 19288x^9 - 15683x^8 - 2725x^7 + 8521x^6 + 8245x^5 + 5818x^4 + 9468x^3 - 24974x^2 - 12188x - 28802
0
21790x^10 - 5909x^9 - 5897x^8 + 3967x^7 - 13411x^6 + 32348x^5 - 13726x^4 - 12140x^3 + 19405x^2 + 5012x - 21432
0
-13311x^10 - 15337x^9 + 22017x^8 - 6984x^7 + 4121x^6 + 25404x^5 + 21385x^4 + 13095x^3 - 25164x^2 - 15700x + 3829
0
28794x^10 - 13050x^9 - 1412x^8 + 14828x^7 - 14773x^6 + 16337x^5 + 25246x^4 - 16957x^3 - 2996x^2 + 22477x - 1497
0
450x^10 + 19808x^9 + 32621x^8 + 9644x^7 - 7908x^6 + 9928x^5 + 6217x^4 + 14550x^3 - 1489x^2 + 3429x + 12516
0
15147x^10 - 9384x^9 + 22172x^8 + 29596x^7 - 27707x^6 + 21767x^5 + 20405x^4 + 16811x^3 - 29717x^2 - 10355x - 17407
0
31406x^10 - 23381x^9 + 20853x^8 + 4133x^7 - 29616x^6 + 2595x^5 - 31830x^4 + 10891x^3 - 32275x^2 + 967x + 25844
0
-26470x^10 + 11610x^9 + 29790x^8 + 2945x^7 + 8989x^6 + 12519x^5 + 11361x^4 + 2263x^3 + 32261x^2 - 19232x - 29169
0
-16405x^10 + 20640x^9 - 7236x^8 + 13889x^7 - 2752x^6 - 22484x^5 + 6991x^4 + 11781x^3 - 16199x^2 + 2996x + 22537
0
14751x^10 - 9606x^9 + 10519x^8 + 3530x^7 + 29629x^6 - 31131x^5 - 21598x^4 + 27681x^3 - 19674x^2 - 5291x - 31155
0
-28046x^10 - 14172x^9 + 14409x^8 + 30931x^7 + 1691x^6 - 5540x^5 - 25872x^4 - 10823x^3 - 20449x^2 - 10148x + 9545
0
22669x^10 + 3304x^9 + 28499x^8 - 21481x^7 - 451x^6 - 6283x^5 - 8106x^4 - 18731x^3 - 32295x^2 - 31023x - 7049
0
-26861x^10 + 18657x^9 + 22064x^8 - 19948x^7 - 4x^6 - 5278x^5 - 28085x^4 - 22418x^3 + 6296x^2 + 337x + 9752
0
-7458x^10 + 6774x^9 - 16863x^8 - 5263x^7 - 20242x^6 + 19041x^5 + 12929x^4 + 5845x^3 + 31171x^2 + 7171x + 15866
0
-12871x^10 - 32200x^9 + 20197x^8 + 20700x^7 + 22018x^6 + 266x^5 + 15773x^4 - 20325x^3 + 13407x^2 + 31155x - 16923
0
-25238x^10 - 19564x^9 + 27594x^8 + 29613x^7 + 3023x^6 - 12036x^5 - 19808x^4 + 30018x^3 - 16835x^2 + 24514x - 15818
0
-13297x^10 + 7658x^9 - 29591x^8 - 21044x^7 + 32216x^6 + 29296x^5 + 8547x^4 - 7298x^3 - 16492x^2 + 14596x - 16184
0
-22109x^10 + 30785x^9 - 22623x^8 + 4724x^7 - 26208x^6 + 22943x^5 + 7428x^4 - 15825x^3 - 17018x^2 - 30276x - 15869
0
-4737x^10 - 20577x^9 - 23987x^8 - 26566x^7 + 21261x^6 + 31642x^5 + 31205x^4 + 19179x^3 - 11315x^2 - 16061x - 4500
0
-18475x^10 - 23215x^9 - 25387x^8 + 8021x^7 + 23401x^6 + 24731x^5 + 2667x^4 + 4900x^3 - 8831x^2 - 28834x - 30682
0
-31947x^10 - 11140x^9 + 16100x^8 - 31907x^7 - 26468x^6 + 14993x^5 - 3136x^4 + 30688x^3 - 2411x^2 - 29078x + 11155
0
31222x^10 - 10158x^9 + 10236x^8 - 26113x^7 - 1488x^6 - 28064x^5 + 2770x^4 - 28955x^3 - 4774x^2 + 20276x + 2789
0
31716x^10 + 17645x^9 - 12568x^8 - 24858x^7 + 21220x^6 - 26782x^5 - 20945x^4 - 25058x^3 - 23559x^2 + 12169x - 19931
0
28659x^10 + 6775x^9 + 21215x^8 + 24425x^7 - 28346x^6 - 19863x^5 - 28597x^4 + 15576x^3 + 7685x^2 - 4501x + 19683
0
-17186x^10 - 16758x^9 + 1661x^8 + 23231x^7 - 976x^6 + 27209x^5 - 18485x^4 - 30899x^3 - 27197x^2 - 24014x - 22352
0
16534x^10 + 1413x^9 + 28705x^8 + 16830x^7 + 23947x^6 - 169x^5 + 14033x^4 - 21692x^3 - 31215x^2 + 18077x + 6617
0
25x^10 + 25910x^9 - 6527x^8 - 13408x^7 - 3759x^6 - 24413x^5 + 16713x^4 + 27986x^3 + 3201x^2 + 30943x - 5400
0
25750x^10 + 25231x^9 + 15438x^8 - 4209x^7 - 10216x^6 + 19008x^5 + 23076x^4 + 8296x^3 + 22011x^2 + 7270x - 9227
0
10910x^10 + 9096x^9 - 7370x^8 + 19985x^7 - 32325x^6 - 13025x^5 - 13098x^4 - 16898x^3 + 32138x^2 + 9333x - 4759
0
1766x^10 - 25230x^9 - 29748x^8 - 11315x^7 - 439x^6 + 16644x^5 - 8170x^4 + 8380x^3 + 11262x^2 - 28743x - 17408
0
-21702x^10 - 12035x^9 + 27469x^8 + 11552x^7 + 9110x^6 + 11039x^5 - 2100x^4 + 23107x^3 - 10827x^2 + 15240x - 26994
0
-21692x^10 + 32188x^9 - 9439x^8 - 25333x^7 + 19741x^6 - 24286x^5 + 27296x^4 - 32730x^3 + 4107x^2 + 24282x + 18556
0
-31463x^10 - 2434x^9 - 22581x^8 + 3104x^7 + 26089x^6 - 31136x^5 - 28422x^4 - 2774x^3 - 506x^2 - 24658x + 4496
0
19852x^10 + 914x^9 + 31645x^8 - 32743x^7 + 27262x^6 - 4344x^5 - 2308x^4 + 8482x^3 - 121x^2 - 21496x - 18052
0
-21397x^10 + 5149x^9 + 32493x^8 + 27362x^7 + 4801x^6 - 19245x^5 - 10875x^4 + 10685x^3 - 17932x^2 + 3147x + 12563
0
4876x^10 - 10952x^9 + 5627x^8 + 23420x^7 + 2175x^6 + 18362x^5 + 1554x^4 + 12599x^3 - 13788x^2 - 6843x + 26973
0
-8101x^10 + 7981x^9 + 4899x^8 - 7798x^7 - 11749x^6 + 22479x^5 + 25009x^4 - 7735x^3 - 23093x^2 + 8237x - 27747
0
14642x^10 + 8536x^9 + 20933x^8 + 27491x^7 + 29702x^6 - 1741x^5 + 30983x^4 + 13816x^3 - 29449x^2 - 28026x - 17036
0
-31276x^10 - 31307x^9 - 12485x^8 + 24877x^7 + 16729x^6 - 29390x^5 - 28677x^4 - 28871x^3 - 5227x^2 + 29680x - 13858
0
5681x^10 - 7290x^9 + 7433x^8 - 21135x^7 + 26680x^6 - 29979x^5 + 21857x^4 - 7815x^3 + 21781x^2 - 1488x - 6614
0
-10368x^10 - 1104x^9 + 11263x^8 - 25241x^7 + 11617x^6 + 6836x^5 + 13588x^4 + 23341x^3 + 3300x^2 - 26318x + 7992
0
-4734x^10 - 26792x^9 - 17940x^8 + 28975x^7 + 24185x^6 - 27852x^5 + 15069x^4 + 21316x^3 + 9046x^2 - 11413x + 15680
0
27189x^10 - 15189x^9 - 24893x^8 - 22410x^7 - 30852x^6 + 2378x^5 - 25787x^4 - 22634x^3 + 28178x^2 + 28480x + 9928
0
30928x^10 + 31131x^9 - 19314x^8 - 29878x^7 - 24174x^6 - 2890x^5 + 17782x^4 + 17873x^3 - 8032x^2 + 18913x + 20750
0
-18720x^10 - 19635x^9 - 1326x^8 - 2578x^7 + 8070x^6 + 17305x^5 - 22295x^4 - 13504x^3 - 17581x^2 - 11006x + 2615
0
17946x^10 - 31307x^9 + 11249x^8 + 26579x^7 - 19965x^6 + 16700x^5 - 23915x^4 - 271x^3 - 21769x^2 - 29967x + 8135
0
-26966x^10 + 9475x^9 + 29887x^8 - 27009x^7 + 25964x^6 + 10730x^5 - 22661x^4 + 7598x^3 + 20392x^2 - 28418x + 5419
0
31122x^10 - 23794x^9 + 13982x^8 + 17017x^7 + 16715x^6 - 25229x^5 + 1849x^4 + 14623x^3 + 27236x^2 + 1207x - 27183
0
-22829x^10 - 31x^9 - 1307x^8 - 6761x^7 + 9082x^6 - 1989x^5 + 31137x^4 + 12791x^3 - 20537x^2 + 22404x + 29064
0
-25773x^10 - 27400x^9 - 23237x^8 - 31191x^7 + 19132x^6 - 13926x^5 - 13212x^4 + 23393x^3 + 28616x^2 + 7858x - 14155
0
-24889x^10 + 31006x^9 - 21424x^8 - 1690x^7 - 6455x^6 - 9205x^5 + 24394x^4 + 4507x^3 + 22997x^2 + 22526x - 30580
0
31519x^10 + 21831x^9 - 30708x^8 - 4191x^7 - 19190x^6 + 1838x^5 + 3985x^4 + 7799x^3 - 12233x^2 - 18457x - 9312
0
21583x^10 + 6747x^9 - 5676x^8 + 27942x^7 - 15463x^6 - 20609x^5 - 4763x^4 - 28123x^3 - 8753x^2 + 19241x - 32083
0
8926x^10 - 17319x^9 + 11767x^8 - 9666x^7 - 16605x^6 - 12944x^5 + 21590x^4 - 4674x^3 + 32573x^2 + 30021x + 13555
0
24453x^10 + 28013x^9 + 27258x^8 - 29277x^7 - 2319x^6 + 31411x^5 + 20722x^4 - 6457x^3 + 20801x^2 - 765x - 10187
0
-1055x^10 - 25954x^9 + 11484x^8 + 1778x^7 - 6551x^6 + 14709x^5 - 5991x^4 - 12258x^3 + 3383x^2 - 6607x - 8905
0
-23087x^10 - 2863x^9 - 9929x^8 - 12240x^7 + 20852x^6 + 15124x^5 - 23533x^4 - 6004x^3 + 20795x^2 + 22707x + 14785
0
22871x^10 + 241x^9 - 1264x^8 + 15902x^7 + 136x^6 - 20484x^5 - 6785x^4 - 27065x^3 - 13070x^2 - 14481x - 11752
0
-5602x^10 + 11193x^9 - 10629x^8 + 17489x^7 + 3610x^6 + 25965x^5 + 18791x^4 - 11663x^3 - 7828x^2 + 15557x - 25689
0
16187x^10 - 1036x^9 - 30400x^8 + 8888x^7 - 12118x^6 - 28072x^5 - 7074x^4 + 15208x^3 + 17494x^2 + 29602x + 27795
0
11891x^10 - 13924x^9 - 10587x^8 + 25585x^7 + 11720x^6 + 6342x^5 + 21374x^4 - 29130x^3 - 6145x^2 + 18156x - 5880
0
1215x^10 + 5037x^9 + 17176x^8 - 26993x^7 + 15845x^6 + 23818x^5 + 9478x^4 - 14799x^3 + 24293x^2 + 7261x - 6992
0
-23032x^10 - 20936x^9 + 1337x^8 - 26624x^7 - 25986x^6 + 20330x^5 + 10382x^4 - 23462x^3 - 20086x^2 - 17953x + 20292
0
-31513x^10 + 7180x^9 - 31493x^8 + 13370x^7 + 29275x^6 + 19473x^5 + 23851x^4 - 8977x^3 - 15054x^2 - 17241x - 27876
0
14532x^10 - 29632x^9 + 5194x^8 + 24335x^7 + 141x^6 + 28384x^5 - 15158x^4 - 21477x^3 - 21802x^2 - 20636x - 26914
0
-17854x^10 - 24739x^9 + 20438x^8 + 8772x^7 - 4380x^6 + 23528x^5 + 22221x^4 - 28301x^3 + 31336x^2 - 18545x + 23124
0
-9583x^10 - 29029x^9 + 30204x^8 + 7408x^7 + 12398x^6 - 22514x^5 - 4690x^4 + 17542x^3 - 4496x^2 - 21462x - 28342
0
-10851x^10 + 3114x^9 + 25366x^8 + 24576x^7 - 11470x^6 - 12535x^5 - 24809x^4 + 23780x^3 + 31304x^2 - 27324x + 29413
0
1227x^10 + 3854x^9 - 25085x^8 + 19123x^7 + 23786x^6 + 30377x^5 + 6398x^4 + 10444x^3 + 2909x^2 - 9353x + 26725
0
24828x^10 + 16539x^9 - 5778x^8 - 14110x^7 + 30293x^6 - 744x^5 + 22205x^4 - 2040x^3 - 8513x^2 - 22677x + 11292
0
-5615x^10 + 4181x^9 + 30777x^8 + 30378x^7 - 29702x^6 + 21069x^5 - 28312x^4 - 7479x^3 + 15496x^2 + 3758x - 11477
0
-25535x^10 + 10031x^9 - 23641x^8 - 7825x^7 + 3287x^6 + 11427x^5 + 28613x^4 + 29419x^3 + 12394x^2 + 16276x + 12734
0
16942x^10 - 18451x^9 - 4317x^8 + 9317x^7 - 14855x^6 + 7529x^5 - 14014x^4 - 28552x^3 - 24900x^2 + 25981x + 12523
0
-16161x^10 - 94x^9 + 1717x^8 + 19081x^7 + 19896x^6 + 15441x^5 + 4031x^4 + 6683x^3 + 4887x^2 + 23698x + 13776
0
-27936x^10 - 10338x^9 - 3158x^8 - 23733x^7 + 6514x^6 + 17860x^5 + 26955x^4 + 11969x^3 - 18439x^2 + 4976x + 22475
0
-25047x^10 - 13282x^9 - 6198x^8 + 15479x^7 + 9374x^6 + 860x^5 - 5799x^4 + 812x^3 + 11997x^2 + 2984x - 16536
0
-17559x^10 + 21145x^9 - 9041x^8 + 15789x^7 + 29452x^6 - 1128x^5 + 8797x^4 - 15138x^3 - 8582x^2 - 10815x + 17114
0
27861x^10 + 24755x^9 + 5031x^8 + 21259x^7 + 23405x^6 - 9836x^5 + 12474x^4 - 19709x^3 - 13202x^2 + 22575x - 153
0
4266x^10 + 10067x^9 + 14012x^8 + 2715x^7 + 28122x^6 + 28062x^5 + 29265x^4 + 22059x^3 - 20662x^2 + 29412x + 8638
0
849x^10 - 27915x^9 + 19478x^8 + 23096x^7 - 27211x^6 - 11626x^5 + 9846x^4 + 16304x^3 - 27466x^2 + 3264x + 6809
0
941x^10 - 22119x^9 - 8130x^8 + 15378x^7 + 18209x^6 - 239x^5 - 11716x^4 + 12959x^3 - 15051x^2 + 32152x - 604
0
6848x^10 + 5731x^9 - 13519x^8 + 6957x^7 - 18333x^6 + 4992x^5 - 11415x^4 - 23717x^3 - 2650x^2 + 17204x - 31133
0
-2613x^10 - 28400x^9 - 32722x^8 + 4066x^7 - 8806x^6 - 14628x^5 - 15762x^4 - 1151x^3 + 5947x^2 + 12755x + 8408
0
