0
0
1
5
0
-x^7 + 12x^3 - 7
-12x^8 - 7x^7 + 144x^4 + 84x^3 - 84x - 49
12x^8 + 7x^7 - 144x^4 - 84x^3 + 84x + 49
